Attempt to fork child with less than minimum stack space
Goodbye.
