Attempt to fork child with invalid priority
Goodbye.
