111111222222222233333333333333444444444555555555Goodbye.
