Child status [1] == 1 (ready)
Current PID [2] == return value of P1_Fork [2]
Goodbye.
