Attempt 0
Attempt 1
Attempt 2
Attempt 3
Attempt 4
Attempt 5
Attempt 6
Attempt 7
Attempt 8
Attempt 9
Attempt 10
Attempt 11
Attempt 12
Attempt 13
Attempt 14
Attempt 15
Attempt 16
Attempt 17
Attempt 18
Attempt 19
Attempt 20
Attempt 21
Attempt 22
Attempt 23
Attempt 24
Attempt 25
Attempt 26
Attempt 27
Attempt 28
Attempt 29
Attempt 30
Attempt 31
Attempt 32
Attempt 33
Attempt 34
Attempt 35
Attempt 36
Attempt 37
Attempt 38
Attempt 39
Attempt 40
Attempt 41
Attempt 42
Attempt 43
Attempt 44
Attempt 45
Attempt 46
Attempt 47
Goodbye.
